ets Jul 29 2019 12:21:46

rst:0x1 (POWERON_RESET),boot:0x13 (SPI_FAST_FLASH_BOOT)
configsip: 0, SPIWP:0xee
clk_drv:0x00,q_drv:0x00,d_drv:0x00,cs0_drv:0x00,hd_drv:0x00,wp_drv:0x00
mode:DIO, clock div:2
load:0x3fff0030,len:1156
load:0x40078000,len:11456
ho 0 tail 12 room 4
load:0x40080400,len:2972
entry 0x400805dc

=== ESP32 on-device HAR (SITTING / WALKING / FALLING) ===
variant=small window=128 @ 50 Hz stride=64
MPU6050 ready: +-16 g, +-2000 deg/s, DLPF 21 Hz
[int8] arena_used=3484 B of 4096 B allocated
live model=int8 input scale=0.40271258 zero_point=-16
--- SELFTEST: held-out test windows as raw MPU6050 counts ---
  [0] expected=SITTING  predicted=SITTING  p=0.977  PASS
  [1] expected=SITTING  predicted=SITTING  p=0.590  PASS
  [2] expected=SITTING  predicted=SITTING  p=0.719  PASS
  [3] expected=WALKING  predicted=WALKING  p=0.938  PASS
  [4] expected=WALKING  predicted=WALKING  p=0.996  PASS
  [5] expected=WALKING  predicted=WALKING  p=0.996  PASS
  [6] expected=FALLING  predicted=FALLING  p=0.996  PASS
  [7] expected=FALLING  predicted=FALLING  p=0.996  PASS
  [8] expected=FALLING  predicted=FALLING  p=0.996  PASS
SELFTEST 9/9 correct

--- LIVE: sampler on core 0, inference on core 1 ---
READYPRED WALKING  p=0.500 [0.00 0.50 0.50] smoothed=WALKING  t=80091 us w=0 late=0 worst=0 us skipped=0
PRED FALLING  p=0.996 [0.00 0.00 1.00] smoothed=FALLING  t=80057 us w=1 late=0 worst=0 us skipped=0
ALERT fall detected
PRED FALLING  p=0.996 [0.00 0.00 1.00] smoothed=FALLING  t=80042 us w=2 late=0 worst=0 us skipped=0
ALERT fall detected
PRED FALLING  p=0.996 [0.00 0.00 1.00] smoothed=FALLING  t=80057 us w=3 late=0 worst=0 us skipped=0
ALERT fall detected
PRED FALLING  p=0.996 [0.00 0.00 1.00] smoothed=FALLING  t=80056 us w=4 late=0 worst=0 us skipped=0
ALERT fall detected
PRED FALLING  p=0.996 [0.00 0.00 1.00] smoothed=FALLING  t=80057 us w=5 late=0 worst=0 us skipped=0
ALERT fall detected
PRED FALLING  p=0.996 [0.00 0.00 1.00] smoothed=FALLING  t=80056 us w=6 late=0 worst=0 us skipped=0
ALERT fall detected
PRED FALLING