ets Jul 29 2019 12:21:46

rst:0x1 (POWERON_RESET),boot:0x13 (SPI_FAST_FLASH_BOOT)
configsip: 0, SPIWP:0xee
clk_drv:0x00,q_drv:0x00,d_drv:0x00,cs0_drv:0x00,hd_drv:0x00,wp_drv:0x00
mode:DIO, clock div:2
load:0x3fff0030,len:1156
load:0x40078000,len:11456
ho 0 tail 12 room 4
load:0x40080400,len:2972
entry 0x400805dc

=== ESP32 on-device HAR (SITTING / WALKING / FALLING) ===
variant=small window=128 @ 50 Hz stride=64
MPU6050 ready: +-16 g, +-2000 deg/s, DLPF 21 Hz
[int8] arena_used=3484 B of 4096 B allocated
live model=int8 input scale=0.40271258 zero_point=-16
[float32] arena_used=8504 B of 9216 B allocated
--- SELFTEST: held-out test windows as raw MPU6050 counts ---
  [0] expected=SITTING  predicted=SITTING  p=0.977  PASS
  [1] expected=SITTING  predicted=SITTING  p=0.590  PASS
  [2] expected=SITTING  predicted=SITTING  p=0.719  PASS
  [3] expected=WALKING  predicted=WALKING  p=0.938  PASS
  [4] expected=WALKING  predicted=WALKING  p=0.996  PASS
  [5] expected=WALKING  predicted=WALKING  p=0.996  PASS
  [6] expected=FALLING  predicted=FALLING  p=0.996  PASS
  [7] expected=FALLING  predicted=FALLING  p=0.996  PASS
  [8] expected=FALLING  predicted=FALLING  p=0.996  PASS
SELFTEST 9/9 correct

--- BENCHMARK: same network, int8 vs float32, on device ---
BENCH int8     model= 5520 B arena= 3484 B mean=94360.6 us p95= 94419 us min= 94258 us max= 94419 us duty=7.37%
BENCH float32  model= 6632 B arena= 8504 B mean=413267.3 us p95=413390 us min=413143 us max=413390 us duty=32.29%
free heap after init: 296200 B

--- LIVE: sampler on core 0, inference on core 1 ---
READY
PRED SITTING  p=0.977 [0.98 0.02 0.00] smoothed=SITTING  t=80196 us w=0 late=0 worst=0 us skipped=0
PRED SITTING  p=0.977 [0.98 0.02 0.00] smoothed=SITTING  t=80196 us w=1 late=0 worst=0 us skipped=0
PRED SITTING  p=0.977 [0.98 0.02 0.00] smoothed=SITTING  t=80196 us w=2 late=0 worst=0 us skipped=0
PRED SITTING  p=0.977 [0.98 0.02 0.00] smoothed=SITTING  t=80196 us w=3 late=0 worst=0 us skipped=0
PRED SITTING  p=0.977 [0.98 0.02 0.00] smoothed=SITTING  t=80196 us w=4 late=0 worst=0 us skipped=0
PRED SITTING  p=0.977 [0.98 0.02 0.00] smoothed=SITTING  t=80196 us w=5 late=0 worst=0 us skipped=0
PRED SITTING  p=0.977 [0.98 0.02 0.00] smoothed=SITTING  t=80196 us w=6 late=0 worst=0 us skipped=0
PRED SITTING  p=0.977 [0.98 0.02 0.00] smoothed=SITTING  t=80196 us w=7 late=0 worst=0 us skipped=0
PRED SITTING  p=0.977 [0.98 0.02 0.00] smoothed=SITTING  t=80196 us w=8 late=0 worst=0 us skipped=0
PRED SITTING  p=0.977 [0.98 0.02 0.00] smoothed=SITTING  t=80196 us w=9 late=0 worst=0 us skipped=0
PRED SITTING  p=0.977 [0.98 0.02 0.00] smoothed=SITTING  t=80196 us w=10 late=0 worst=0 us skipped=0
PRED SITTING  p=0.977 [0.98 0.02 0.00] smoothed=SITTING  t=80196 us w=11 late=0 worst=0 us skipped=0
PRED SITTING  p=0.977 [0.98 0.02 0.00] smoothed=SITTING  t=80196 us w=12 late=0 worst=0 us skipped=0
PRED SITTING  p=0.977 [0.98 0.02 0.00] smoothed=SITTING  t=80196 us w=13 late=0 worst=0 us skipped=0
PRED SITTING  p=0.977 [0.98 0.02 0.00] smoothed=SITTING  t=80196 us w=14 late=0 worst=0 us skipped=0
PRED SITTING  p=0.977 [0.98 0.02 0.00] smoothed=SITTING  t=80196 us w=15 late=0 worst=0 us skipped=0
PRED SITTING  p=0.977 [0.98 0.02 0.00] smoothed=SITTING  t=80196 us w=16 late=0 worst=0 us skipped=0
PRED SITTING  p=0.977 [0.98 0.02 0.00] smoothed=SITTING  t=80196 us w=17 late=0 worst=0 us skipped=0
PRED SITTING  p=0.977 [0.98 0.02 0.00] smoothed=SITTING  t=80196 us w=18 late=0 worst=0 us skipped=0
PRED SITTING  p=0.977 [0.98 0.02 0.00] smoothed=SITTING  t=80196 us w=19 late=0 worst=0 us skipped=0
PRED SITTING  p=0.977 [0.98 0.02 0.00] smoothed=SITTING  t=80196 us w=20 late=0 worst=0 us skipped=0
PRED SITTING  p=0.977 [0.98 0.02 0.00] smoothed=SITTING  t=80196 us w=21 late=0 worst=0 us skipped=0
PRED SITTING  p=0.977 [0.98 0.02 0.00] smoothed=SITTING  t=80196 us w=22 late=0 worst=0 us skipped=0
PRED SITTING  p=0.977 [0.98 0.02 0.00] smoothed=SITTING  t=80196 us w=23 late=0 worst=0 us skipped=0
PRED SITTING  p=0.977 [0.98 0.02 0.00] smoothed=SITTING  t=80196 us w=24 late=0 worst=0 us skipped=0
PRED SITTING  p=0.977 [0.98 0.02 0.00] smoothed=SITTING  t=80196 us w=25 late=0 worst=0 us skipped=0
PRED SITTING  p=0.977 [0.98 0.02 0.00] smoothed=SITTING  t=80196 us w=26 late=0 worst=0 us skipped=0
PRED SITTING  p=0.977 [0.98 0.02 0.00] smoothed=SITTING  t=80196 us w=27 late=0 worst=0 us skipped=0
PRED SITTING  p=0.977 [0.98 0.02 0.00] smoothed=SITTING  t=80196 us w=28 late=0 worst=0 us skipped=0
PRED SITTING  p=0.977 [0.98 0.02 0.00] smoothed=SITTING  t=80196 us w=29 late=0 worst=0 us skipped=0
PRED SITTING  p=0.977 [0.98 0.02 0.00] smoothed=SITTING  t=80196 us w=30 late=0 worst=0 us skipped=0
PRED SITTING  p=0.977 [0.98 0.02 0.00] smoothed=SITTING  t=80196 us w=31 late=0 worst=0 us skipped=0
PRED SITTING  p=0.977 [0.98 0.02 0.00] smoothed=SITTING  t=80196 us w=32 late=0 worst=0 us skipped=0
PRED SITTING  p=0.977 [0.98 0.02 0.00] smoothed=SITTING  t=80196 us w=33 late=0 worst=0 us skipped=0
PRED SITTING  p=0.977 [0.98 0.02 0.00] smoothed=SITTING  t=80196 us w=34 late=0 worst=0 us skipped=0
